// Jest Snapshot v1, https://goo.gl/fbAQLP

exports[`App renders welcome message 1`] = `
Array [
  <p>
    Import your first component here (app.js)
  </p>,
  <p>
    Happy coding!
  </p>,
]
`;
